coder v0.0.0-devel

USAGE:
  coder users show [flags] <username|user_id|'me'>

  Show a single user. Use 'me' to indicate the currently authenticated user.

   [38;2;237;86;121m$ coder users show me[0m

OPTIONS:
  -o, --output string (default: table)
          Output format. Available formats: table, json.

â€”â€”â€”
Run `coder --help` for a list of global options.
