coder v0.0.0-devel

USAGE:
  coder tokens

  Manage personal access tokens

  Aliases: token

  Tokens are used to authenticate automated clients to Coder.
    - Create a token for automation:
  
       [38;2;237;86;121m$ coder tokens create[0m
  
    - List your tokens:
  
       [38;2;237;86;121m$ coder tokens ls[0m
  
    - Remove a token by ID:
  
       [38;2;237;86;121m$ coder tokens rm WuoWs4ZsMX[0m

SUBCOMMANDS:
    create    Create a token
    list      List tokens
    remove    Delete a token

â€”â€”â€”
Run `coder --help` for a list of global options.
