coder v0.0.0-devel

USAGE:
  coder templates versions

  Manage different versions of the specified template

  Aliases: version

    - List versions of a specific template:
  
       [38;2;237;86;121m$ coder templates versions list my-template[0m

SUBCOMMANDS:
    list    List all the versions of the specified template

â€”â€”â€”
Run `coder --help` for a list of global options.
