coder v0.0.0-devel

USAGE:
  coder users activate [flags] <username|user_id>

  Update a user's status to 'active'. Active users can fully interact with the
  platform

  Aliases: active

   [38;2;237;86;121m$ coder users activate example_user[0m

OPTIONS:
  -c, --column string-array (default: username,email,created_at,status)
          Specify a column to filter in the table.

â€”â€”â€”
Run `coder --help` for a list of global options.
